
> utongstart-web@0.0.1 build
> astro build

08:44:41 [WARN] The currently selected adapter `@astrojs/cloudflare` is not compatible with the image service "Sharp".
08:44:42 [types] Generated 704ms
08:44:42 [build] output: "hybrid"
08:44:42 [build] directory: D:\workspace\utonstart\dist\
08:44:42 [build] adapter: @astrojs/cloudflare
08:44:42 [build] Collecting build info...
08:44:42 [build] âœ“ Completed in 839ms.
08:44:42 [build] Building hybrid entrypoints...
08:44:47 [vite] [32mâœ“ built in 5.11s[39m
08:44:47 [build] âœ“ Completed in 5.15s.

 building client (vite) 
08:44:47 [vite] [32mâœ“[39m 0 modules transformed.
08:44:47 [ERROR] [vite] [31mx[39m Build failed in 17ms
08:44:47 [vite] transforming...
[astro:build] The argument 'path' must be a string, Uint8Array, or URL without null bytes. Received 'D:\\workspace\\utonstart\\\x00astro-entry:D:\\workspace\\utonstart\\src\\components\\common\\tsconfig.json'
file:  astro-entry:D:/workspace/utonstart/src/components/common/KakaoChat.astro
  Stack trace:
    at Object.stat (node:fs:1648:16)
    at find (file:///D:/workspace/utonstart/node_modules/vite/dist/node/chunks/dep-BK3b2jBa.js:18385:2)
    at async loadTsconfigJsonForFile (file:///D:/workspace/utonstart/node_modules/vite/dist/node/chunks/dep-BK3b2jBa.js:19433:20)
    at async compileAstro (file:///D:/workspace/utonstart/node_modules/astro/dist/vite-plugin-astro/compile.js:14:21)
    at async transform (file:///D:/workspace/utonstart/node_modules/rollup/dist/es/shared/node-entry.js:21269:16)
